03/03/23 22:23:43 ******************************************************
03/03/23 22:23:43 ** condor_scheduniv_exec.1.0 (CONDOR_DAGMAN) STARTING UP
03/03/23 22:23:43 ** /home/mzalam/wf/condor/usr/bin/condor_dagman
03/03/23 22:23:43 ** SubsystemInfo: name=DAGMAN type=DAGMAN(9) class=CLIENT(2)
03/03/23 22:23:43 ** Configuration: subsystem:DAGMAN local:<NONE> class:CLIENT
03/03/23 22:23:43 ** $CondorVersion: 10.2.5 2023-02-27 BuildID: 631644 PackageID: 10.2.5-1 $
03/03/23 22:23:43 ** $CondorPlatform: x86_64_AlmaLinux8 $
03/03/23 22:23:43 ** PID = 132896
03/03/23 22:23:43 ** Log last touched time unavailable (No such file or directory)
03/03/23 22:23:43 ******************************************************
03/03/23 22:23:43 Using config source: /home/mzalam/wf/condor/etc/condor_config
03/03/23 22:23:43 Using local config sources: 
03/03/23 22:23:43    /home/mzalam/wf/condor/local/config.d/00-personal-condor
03/03/23 22:23:43 config Macros = 63, Sorted = 62, StringBytes = 1896, TablesBytes = 2316
03/03/23 22:23:43 CLASSAD_CACHING is ENABLED
03/03/23 22:23:43 Daemon Log is logging: D_ALWAYS D_ERROR D_STATUS
03/03/23 22:23:43 DaemonCore: No command port requested.
03/03/23 22:23:43 DAGMAN_USE_STRICT setting: 1
03/03/23 22:23:43 DAGMAN_VERBOSITY setting: 3
03/03/23 22:23:43 DAGMAN_DEBUG_CACHE_SIZE setting: 5242880
03/03/23 22:23:43 DAGMAN_DEBUG_CACHE_ENABLE setting: False
03/03/23 22:23:43 DAGMAN_SUBMIT_DELAY setting: 0
03/03/23 22:23:43 DAGMAN_MAX_SUBMIT_ATTEMPTS setting: 6
03/03/23 22:23:43 DAGMAN_STARTUP_CYCLE_DETECT setting: False
03/03/23 22:23:43 DAGMAN_MAX_SUBMITS_PER_INTERVAL setting: 100
03/03/23 22:23:43 DAGMAN_AGGRESSIVE_SUBMIT setting: False
03/03/23 22:23:43 DAGMAN_USER_LOG_SCAN_INTERVAL setting: 5
03/03/23 22:23:43 DAGMAN_QUEUE_UPDATE_INTERVAL setting: 300
03/03/23 22:23:43 DAGMAN_DEFAULT_PRIORITY setting: 0
03/03/23 22:23:43 DAGMAN_SUPPRESS_NOTIFICATION setting: True
03/03/23 22:23:43 allow_events (DAGMAN_ALLOW_EVENTS) setting: 114
03/03/23 22:23:43 DAGMAN_RETRY_SUBMIT_FIRST setting: True
03/03/23 22:23:43 DAGMAN_RETRY_NODE_FIRST setting: False
03/03/23 22:23:43 DAGMAN_MAX_JOBS_IDLE setting: 1000
03/03/23 22:23:43 DAGMAN_MAX_JOBS_SUBMITTED setting: 0
03/03/23 22:23:43 DAGMAN_MAX_PRE_SCRIPTS setting: 20
03/03/23 22:23:43 DAGMAN_MAX_POST_SCRIPTS setting: 20
03/03/23 22:23:43 DAGMAN_MAX_HOLD_SCRIPTS setting: 20
03/03/23 22:23:43 DAGMAN_MUNGE_NODE_NAMES setting: True
03/03/23 22:23:43 DAGMAN_PROHIBIT_MULTI_JOBS setting: False
03/03/23 22:23:43 DAGMAN_SUBMIT_DEPTH_FIRST setting: False
03/03/23 22:23:43 DAGMAN_ALWAYS_RUN_POST setting: False
03/03/23 22:23:43 DAGMAN_CONDOR_SUBMIT_EXE setting: /home/mzalam/wf/condor/bin/condor_submit
03/03/23 22:23:43 DAGMAN_USE_DIRECT_SUBMIT setting: True
03/03/23 22:23:43 DAGMAN_DEFAULT_APPEND_VARS setting: False
03/03/23 22:23:43 DAGMAN_ABORT_DUPLICATES setting: True
03/03/23 22:23:43 DAGMAN_ABORT_ON_SCARY_SUBMIT setting: True
03/03/23 22:23:43 DAGMAN_PENDING_REPORT_INTERVAL setting: 600
03/03/23 22:23:43 DAGMAN_AUTO_RESCUE setting: True
03/03/23 22:23:43 DAGMAN_MAX_RESCUE_NUM setting: 100
03/03/23 22:23:43 DAGMAN_WRITE_PARTIAL_RESCUE setting: True
03/03/23 22:23:43 DAGMAN_DEFAULT_NODE_LOG setting: @(DAG_DIR)/@(DAG_FILE).nodes.log
03/03/23 22:23:43 DAGMAN_GENERATE_SUBDAG_SUBMITS setting: True
03/03/23 22:23:43 DAGMAN_MAX_JOB_HOLDS setting: 100
03/03/23 22:23:43 DAGMAN_HOLD_CLAIM_TIME setting: 20
03/03/23 22:23:43 ALL_DEBUG setting: 
03/03/23 22:23:43 DAGMAN_DEBUG setting: 
03/03/23 22:23:43 DAGMAN_SUPPRESS_JOB_LOGS setting: False
03/03/23 22:23:43 DAGMAN_REMOVE_NODE_JOBS setting: True
03/03/23 22:23:43 DAGMAN will adjust edges after parsing
03/03/23 22:23:43 argv[0] == "condor_scheduniv_exec.1.0"
03/03/23 22:23:43 argv[1] == "-Lockfile"
03/03/23 22:23:43 argv[2] == "process-0.dag.lock"
03/03/23 22:23:43 argv[3] == "-AutoRescue"
03/03/23 22:23:43 argv[4] == "1"
03/03/23 22:23:43 argv[5] == "-DoRescueFrom"
03/03/23 22:23:43 argv[6] == "0"
03/03/23 22:23:43 argv[7] == "-Dag"
03/03/23 22:23:43 argv[8] == "process-0.dag"
03/03/23 22:23:43 argv[9] == "-MaxPost"
03/03/23 22:23:43 argv[10] == "20"
03/03/23 22:23:43 argv[11] == "-Suppress_notification"
03/03/23 22:23:43 argv[12] == "-CsdVersion"
03/03/23 22:23:43 argv[13] == "$CondorVersion: 10.2.5 2023-02-27 BuildID: 631644 PackageID: 10.2.5-1 $"
03/03/23 22:23:43 argv[14] == "-Dagman"
03/03/23 22:23:43 argv[15] == "/home/mzalam/wf/condor/bin/condor_dagman"
03/03/23 22:23:43 Can't open directory "/etc/condor/passwords.d" as PRIV_ROOT, errno: 13 (Permission denied)
03/03/23 22:23:43 Can't open directory "/etc/condor/passwords.d" as PRIV_ROOT, errno: 13 (Permission denied)
03/03/23 22:23:43 Workflow batch-id: <1.0>
03/03/23 22:23:43 Workflow batch-name: <process-0.dag+1>
03/03/23 22:23:43 Workflow accounting_group: <>
03/03/23 22:23:43 Workflow accounting_group_user: <>
03/03/23 22:23:43 Warning: failed to get attribute DAGNodeName
03/03/23 22:23:43 DAGMAN_LOG_ON_NFS_IS_ERROR setting: False
03/03/23 22:23:43 Default node log file is: </home/mzalam/processwf/submit/mzalam/pegasus/process/run0001/./process-0.dag.nodes.log>
03/03/23 22:23:43 DAG Lockfile will be written to process-0.dag.lock
03/03/23 22:23:43 DAG Input file is process-0.dag
03/03/23 22:23:43 Parsing 1 dagfiles
03/03/23 22:23:43 Parsing process-0.dag ...
03/03/23 22:23:43 Adjusting edges
03/03/23 22:23:43 Warning: category cleanup has no assigned nodes, so the throttle setting (4) will have no effect
03/03/23 22:23:43 Warning: category stagein has no assigned nodes, so the throttle setting (10) will have no effect
03/03/23 22:23:43 Dag contains 5 total jobs
03/03/23 22:23:43 Bootstrapping...
03/03/23 22:23:43 Number of pre-completed nodes: 0
03/03/23 22:23:43 MultiLogFiles: truncating log file /home/mzalam/processwf/submit/mzalam/pegasus/process/run0001/./process-0.dag.nodes.log
03/03/23 22:23:43 DAG status: 0 (DAG_STATUS_OK)
03/03/23 22:23:43 Of 5 nodes total:
03/03/23 22:23:43  Done     Pre   Queued    Post   Ready   Un-Ready   Failed   Futile
03/03/23 22:23:43   ===     ===      ===     ===     ===        ===      ===      ===
03/03/23 22:23:43     0       0        0       0       1          4        0        0
03/03/23 22:23:43 0 job proc(s) currently held
03/03/23 22:23:43 DAGMan Runtime Statistics: [ EventCycleTimeCount = 0.0; EventCycleTimeSum = 0.0; LogProcessCycleTimeCount = 0.0; LogProcessCycleTimeSum = 0.0; SleepCycleTimeCount = 0.0; SleepCycleTimeSum = 0.0; SubmitCycleTimeCount = 0.0; SubmitCycleTimeSum = 0.0; ]
03/03/23 22:23:43 Registering condor_event_timer...
03/03/23 22:23:44 Submitting HTCondor Node create_dir_process_0_local job(s)...
03/03/23 22:23:44 Submitting node create_dir_process_0_local from file 00/00/create_dir_process_0_local.sub using direct job submission
03/03/23 22:23:44 	assigned HTCondor ID (2.0.0)
03/03/23 22:23:44 Just submitted 1 job this cycle...
03/03/23 22:23:44 DAG status: 0 (DAG_STATUS_OK)
03/03/23 22:23:44 Of 5 nodes total:
03/03/23 22:23:44  Done     Pre   Queued    Post   Ready   Un-Ready   Failed   Futile
03/03/23 22:23:44   ===     ===      ===     ===     ===        ===      ===      ===
03/03/23 22:23:44     0       0        1       0       0          4        0        0
03/03/23 22:23:44 0 job proc(s) currently held
03/03/23 22:23:44 DAGMan Runtime Statistics: [ EventCycleTimeCount = 0.0; EventCycleTimeSum = 0.0; LogProcessCycleTimeCount = 0.0; LogProcessCycleTimeSum = 0.0; SleepCycleTimeCount = 0.0; SleepCycleTimeSum = 0.0; SubmitCycleTimeAvg = 0.008894920349121094; SubmitCycleTimeCount = 1.0; SubmitCycleTimeMax = 0.008894920349121094; SubmitCycleTimeMin = 0.008894920349121094; SubmitCycleTimeStd = 0.008894920349121094; SubmitCycleTimeSum = 0.008894920349121094; ]
03/03/23 22:23:49 Currently monitoring 1 HTCondor log file(s)
03/03/23 22:23:49 Reassigning the id of job create_dir_process_0_local from (2.0.0) to (2.0.0)
03/03/23 22:23:49 Event: ULOG_SUBMIT for HTCondor Node create_dir_process_0_local (2.0.0) {03/03/23 22:23:44}
03/03/23 22:23:49 Number of idle job procs: 1
03/03/23 22:23:49 Event: ULOG_EXECUTE for HTCondor Node create_dir_process_0_local (2.0.0) {03/03/23 22:23:48}
03/03/23 22:23:49 Number of idle job procs: 0
03/03/23 22:23:54 Currently monitoring 1 HTCondor log file(s)
03/03/23 22:23:54 Event: ULOG_JOB_TERMINATED for HTCondor Node create_dir_process_0_local (2.0.0) {03/03/23 22:23:51}
03/03/23 22:23:54 Number of idle job procs: 0
03/03/23 22:23:54 Node create_dir_process_0_local job proc (2.0.0) completed successfully.
03/03/23 22:23:54 Node create_dir_process_0_local job completed
03/03/23 22:23:54 Running POST script of Node create_dir_process_0_local...
03/03/23 22:23:54 Warning: mysin has length 0 (ignore if produced by DAGMan; see gittrac #4987, #5031)
03/03/23 22:23:54 DAG status: 0 (DAG_STATUS_OK)
03/03/23 22:23:54 Of 5 nodes total:
03/03/23 22:23:54  Done     Pre   Queued    Post   Ready   Un-Ready   Failed   Futile
03/03/23 22:23:54   ===     ===      ===     ===     ===        ===      ===      ===
03/03/23 22:23:54     0       0        0       1       0          4        0        0
03/03/23 22:23:54 0 job proc(s) currently held
03/03/23 22:23:54 DAGMan Runtime Statistics: [ EventCycleTimeAvg = 0.004764437675476074; EventCycleTimeCount = 2.0; EventCycleTimeMax = 0.009109973907470703; EventCycleTimeMin = 0.0004189014434814453; EventCycleTimeStd = 0.00614551627507048; EventCycleTimeSum = 0.009528875350952148; LogProcessCycleTimeAvg = 0.002843499183654785; LogProcessCycleTimeCount = 2.0; LogProcessCycleTimeMax = 0.005295991897583008; LogProcessCycleTimeMin = 0.0003910064697265625; LogProcessCycleTimeStd = 0.003468348457658492; LogProcessCycleTimeSum = 0.00568699836730957; SleepCycleTimeAvg = 5.005131483078003; SleepCycleTimeCount = 2.0; SleepCycleTimeMax = 5.005167961120605; SleepCycleTimeMin = 5.0050950050354; SleepCycleTimeStd = 5.15877425773343E-05; SleepCycleTimeSum = 10.01026296615601; SubmitCycleTimeAvg = 0.002978960673014323; SubmitCycleTimeCount = 3.0; SubmitCycleTimeMax = 0.008894920349121094; SubmitCycleTimeMin = 1.502037048339844E-05; SubmitCycleTimeStd = 0.005123374834435578; SubmitCycleTimeSum = 0.008936882019042969; ]
03/03/23 22:23:55 Initializing user log writer for /home/mzalam/processwf/submit/mzalam/pegasus/process/run0001/./process-0.dag.nodes.log, (2.0.0)
03/03/23 22:23:59 Currently monitoring 1 HTCondor log file(s)
03/03/23 22:23:59 Event: ULOG_POST_SCRIPT_TERMINATED for HTCondor Node create_dir_process_0_local (2.0.0) {03/03/23 22:23:55}
03/03/23 22:23:59 POST Script of node create_dir_process_0_local completed successfully.
03/03/23 22:23:59 DAG status: 0 (DAG_STATUS_OK)
03/03/23 22:23:59 Of 5 nodes total:
03/03/23 22:23:59  Done     Pre   Queued    Post   Ready   Un-Ready   Failed   Futile
03/03/23 22:23:59   ===     ===      ===     ===     ===        ===      ===      ===
03/03/23 22:23:59     1       0        0       0       1          3        0        0
03/03/23 22:23:59 0 job proc(s) currently held
03/03/23 22:23:59 DAGMan Runtime Statistics: [ EventCycleTimeAvg = 0.005031665166219075; EventCycleTimeCount = 3.0; EventCycleTimeMax = 0.009109973907470703; EventCycleTimeMin = 0.0004189014434814453; EventCycleTimeStd = 0.004370116330145513; EventCycleTimeSum = 0.01509499549865723; LogProcessCycleTimeAvg = 0.00195471445719401; LogProcessCycleTimeCount = 3.0; LogProcessCycleTimeMax = 0.005295991897583008; LogProcessCycleTimeMin = 0.0001771450042724609; LogProcessCycleTimeStd = 0.002895606220092933; LogProcessCycleTimeSum = 0.005864143371582031; SleepCycleTimeAvg = 4.804783344268799; SleepCycleTimeCount = 3.0; SleepCycleTimeMax = 5.005167961120605; SleepCycleTimeMin = 4.404087066650391; SleepCycleTimeStd = 0.3470131575366904; SleepCycleTimeSum = 14.4143500328064; SubmitCycleTimeAvg = 0.002235949039459229; SubmitCycleTimeCount = 4.0; SubmitCycleTimeMax = 0.008894920349121094; SubmitCycleTimeMin = 6.914138793945312E-06; SubmitCycleTimeStd = 0.004439321826564432; SubmitCycleTimeSum = 0.008943796157836914; ]
03/03/23 22:24:04 Submitting HTCondor Node ls_ID0000001 job(s)...
03/03/23 22:24:04 Submitting node ls_ID0000001 from file 00/00/ls_ID0000001.sub using direct job submission
03/03/23 22:24:04 	assigned HTCondor ID (3.0.0)
03/03/23 22:24:04 Just submitted 1 job this cycle...
03/03/23 22:24:04 DAG status: 0 (DAG_STATUS_OK)
03/03/23 22:24:04 Of 5 nodes total:
03/03/23 22:24:04  Done     Pre   Queued    Post   Ready   Un-Ready   Failed   Futile
03/03/23 22:24:04   ===     ===      ===     ===     ===        ===      ===      ===
03/03/23 22:24:04     1       0        1       0       0          3        0        0
03/03/23 22:24:04 0 job proc(s) currently held
03/03/23 22:24:04 DAGMan Runtime Statistics: [ EventCycleTimeAvg = 0.003874003887176514; EventCycleTimeCount = 4.0; EventCycleTimeMax = 0.009109973907470703; EventCycleTimeMin = 0.0004010200500488281; EventCycleTimeStd = 0.00425354711278099; EventCycleTimeSum = 0.01549601554870605; LogProcessCycleTimeAvg = 0.00195471445719401; LogProcessCycleTimeCount = 3.0; LogProcessCycleTimeMax = 0.005295991897583008; LogProcessCycleTimeMin = 0.0001771450042724609; LogProcessCycleTimeStd = 0.002895606220092933; LogProcessCycleTimeSum = 0.005864143371582031; SleepCycleTimeAvg = 4.854862213134766; SleepCycleTimeCount = 4.0; SleepCycleTimeMax = 5.005167961120605; SleepCycleTimeMin = 4.404087066650391; SleepCycleTimeStd = 0.3005167661933381; SleepCycleTimeSum = 19.41944885253906; SubmitCycleTimeAvg = 0.005393171310424804; SubmitCycleTimeCount = 5.0; SubmitCycleTimeMax = 0.01802206039428711; SubmitCycleTimeMin = 6.914138793945312E-06; SubmitCycleTimeStd = 0.008038715447835163; SubmitCycleTimeSum = 0.02696585655212402; ]
03/03/23 22:24:09 Currently monitoring 1 HTCondor log file(s)
03/03/23 22:24:09 Reassigning the id of job ls_ID0000001 from (3.0.0) to (3.0.0)
03/03/23 22:24:09 Event: ULOG_SUBMIT for HTCondor Node ls_ID0000001 (3.0.0) {03/03/23 22:24:04}
03/03/23 22:24:09 Number of idle job procs: 1
03/03/23 22:24:24 Currently monitoring 1 HTCondor log file(s)
03/03/23 22:24:24 Event: ULOG_EXECUTE for HTCondor Node ls_ID0000001 (3.0.0) {03/03/23 22:24:19}
03/03/23 22:24:24 Number of idle job procs: 0
03/03/23 22:24:24 Event: ULOG_JOB_TERMINATED for HTCondor Node ls_ID0000001 (3.0.0) {03/03/23 22:24:20}
03/03/23 22:24:24 Number of idle job procs: 0
03/03/23 22:24:24 Node ls_ID0000001 job proc (3.0.0) completed successfully.
03/03/23 22:24:24 Node ls_ID0000001 job completed
03/03/23 22:24:24 Running POST script of Node ls_ID0000001...
03/03/23 22:24:24 Warning: mysin has length 0 (ignore if produced by DAGMan; see gittrac #4987, #5031)
03/03/23 22:24:24 DAG status: 0 (DAG_STATUS_OK)
03/03/23 22:24:24 Of 5 nodes total:
03/03/23 22:24:24  Done     Pre   Queued    Post   Ready   Un-Ready   Failed   Futile
03/03/23 22:24:24   ===     ===      ===     ===     ===        ===      ===      ===
03/03/23 22:24:24     1       0        0       1       0          3        0        0
03/03/23 22:24:24 0 job proc(s) currently held
03/03/23 22:24:24 DAGMan Runtime Statistics: [ EventCycleTimeAvg = 0.004261523485183716; EventCycleTimeCount = 8.0; EventCycleTimeMax = 0.01828408241271973; EventCycleTimeMin = 2.002716064453125E-05; EventCycleTimeStd = 0.006583598204167132; EventCycleTimeSum = 0.03409218788146973; LogProcessCycleTimeAvg = 0.002301025390625; LogProcessCycleTimeCount = 5.0; LogProcessCycleTimeMax = 0.005393028259277344; LogProcessCycleTimeMin = 0.0001771450042724609; LogProcessCycleTimeStd = 0.002779588233752923; LogProcessCycleTimeSum = 0.011505126953125; SleepCycleTimeAvg = 4.92988246679306; SleepCycleTimeCount = 8.0; SleepCycleTimeMax = 5.005167961120605; SleepCycleTimeMin = 4.404087066650391; SleepCycleTimeStd = 0.2124536465197827; SleepCycleTimeSum = 39.43905973434448; SubmitCycleTimeAvg = 0.002999650107489692; SubmitCycleTimeCount = 9.0; SubmitCycleTimeMax = 0.01802206039428711; SubmitCycleTimeMin = 6.914138793945312E-06; SubmitCycleTimeStd = 0.006353487250043966; SubmitCycleTimeSum = 0.02699685096740723; ]
03/03/23 22:24:24 Initializing user log writer for /home/mzalam/processwf/submit/mzalam/pegasus/process/run0001/./process-0.dag.nodes.log, (3.0.0)
03/03/23 22:24:29 Currently monitoring 1 HTCondor log file(s)
03/03/23 22:24:29 Event: ULOG_POST_SCRIPT_TERMINATED for HTCondor Node ls_ID0000001 (3.0.0) {03/03/23 22:24:24}
03/03/23 22:24:29 POST Script of node ls_ID0000001 completed successfully.
03/03/23 22:24:29 DAG status: 0 (DAG_STATUS_OK)
03/03/23 22:24:29 Of 5 nodes total:
03/03/23 22:24:29  Done     Pre   Queued    Post   Ready   Un-Ready   Failed   Futile
03/03/23 22:24:29   ===     ===      ===     ===     ===        ===      ===      ===
03/03/23 22:24:29     2       0        0       0       1          2        0        0
03/03/23 22:24:29 0 job proc(s) currently held
03/03/23 22:24:29 DAGMan Runtime Statistics: [ EventCycleTimeAvg = 0.004437367121378581; EventCycleTimeCount = 9.0; EventCycleTimeMax = 0.01828408241271973; EventCycleTimeMin = 2.002716064453125E-05; EventCycleTimeStd = 0.006180945195452366; EventCycleTimeSum = 0.03993630409240723; LogProcessCycleTimeAvg = 0.001955350240071615; LogProcessCycleTimeCount = 6.0; LogProcessCycleTimeMax = 0.005393028259277344; LogProcessCycleTimeMin = 0.0001771450042724609; LogProcessCycleTimeStd = 0.002626373251774163; LogProcessCycleTimeSum = 0.01173210144042969; SleepCycleTimeAvg = 4.985762622621325; SleepCycleTimeCount = 9.0; SleepCycleTimeMax = 5.432803869247437; SleepCycleTimeMin = 4.404087066650391; SleepCycleTimeStd = 0.2599957870199545; SleepCycleTimeSum = 44.87186360359192; SubmitCycleTimeAvg = 0.002700376510620117; SubmitCycleTimeCount = 10.0; SubmitCycleTimeMax = 0.01802206039428711; SubmitCycleTimeMin = 6.914138793945312E-06; SubmitCycleTimeStd = 0.006064424710393327; SubmitCycleTimeSum = 0.02700376510620117; ]
03/03/23 22:24:34 Submitting HTCondor Node stage_out_local_local_0_0 job(s)...
03/03/23 22:24:34 Submitting node stage_out_local_local_0_0 from file 00/00/stage_out_local_local_0_0.sub using direct job submission
03/03/23 22:24:34 	assigned HTCondor ID (4.0.0)
03/03/23 22:24:34 Just submitted 1 job this cycle...
03/03/23 22:24:34 DAG status: 0 (DAG_STATUS_OK)
03/03/23 22:24:34 Of 5 nodes total:
03/03/23 22:24:34  Done     Pre   Queued    Post   Ready   Un-Ready   Failed   Futile
03/03/23 22:24:34   ===     ===      ===     ===     ===        ===      ===      ===
03/03/23 22:24:34     2       0        1       0       0          2        0        0
03/03/23 22:24:34 0 job proc(s) currently held
03/03/23 22:24:34 DAGMan Runtime Statistics: [ EventCycleTimeAvg = 0.004040837287902832; EventCycleTimeCount = 10.0; EventCycleTimeMax = 0.01828408241271973; EventCycleTimeMin = 2.002716064453125E-05; EventCycleTimeStd = 0.005960834205869296; EventCycleTimeSum = 0.04040837287902832; LogProcessCycleTimeAvg = 0.001955350240071615; LogProcessCycleTimeCount = 6.0; LogProcessCycleTimeMax = 0.005393028259277344; LogProcessCycleTimeMin = 0.0001771450042724609; LogProcessCycleTimeStd = 0.002626373251774163; LogProcessCycleTimeSum = 0.01173210144042969; SleepCycleTimeAvg = 4.98769736289978; SleepCycleTimeCount = 10.0; SleepCycleTimeMax = 5.432803869247437; SleepCycleTimeMin = 4.404087066650391; SleepCycleTimeStd = 0.2452027197465811; SleepCycleTimeSum = 49.8769736289978; SubmitCycleTimeAvg = 0.00328926606611772; SubmitCycleTimeCount = 11.0; SubmitCycleTimeMax = 0.01802206039428711; SubmitCycleTimeMin = 6.914138793945312E-06; SubmitCycleTimeStd = 0.006075707560074141; SubmitCycleTimeSum = 0.03618192672729492; ]
03/03/23 22:24:39 Currently monitoring 1 HTCondor log file(s)
03/03/23 22:24:39 Reassigning the id of job stage_out_local_local_0_0 from (4.0.0) to (4.0.0)
03/03/23 22:24:39 Event: ULOG_SUBMIT for HTCondor Node stage_out_local_local_0_0 (4.0.0) {03/03/23 22:24:34}
03/03/23 22:24:39 Number of idle job procs: 1
03/03/23 22:24:39 Event: ULOG_EXECUTE for HTCondor Node stage_out_local_local_0_0 (4.0.0) {03/03/23 22:24:34}
03/03/23 22:24:39 Number of idle job procs: 0
03/03/23 22:24:39 Event: ULOG_JOB_TERMINATED for HTCondor Node stage_out_local_local_0_0 (4.0.0) {03/03/23 22:24:37}
03/03/23 22:24:39 Number of idle job procs: 0
03/03/23 22:24:39 Node stage_out_local_local_0_0 job proc (4.0.0) completed successfully.
03/03/23 22:24:39 Node stage_out_local_local_0_0 job completed
03/03/23 22:24:39 Running POST script of Node stage_out_local_local_0_0...
03/03/23 22:24:39 Warning: mysin has length 0 (ignore if produced by DAGMan; see gittrac #4987, #5031)
03/03/23 22:24:39 DAG status: 0 (DAG_STATUS_OK)
03/03/23 22:24:39 Of 5 nodes total:
03/03/23 22:24:39  Done     Pre   Queued    Post   Ready   Un-Ready   Failed   Futile
03/03/23 22:24:39   ===     ===      ===     ===     ===        ===      ===      ===
03/03/23 22:24:39     2       0        0       1       0          2        0        0
03/03/23 22:24:39 0 job proc(s) currently held
03/03/23 22:24:39 DAGMan Runtime Statistics: [ EventCycleTimeAvg = 0.004531210119074041; EventCycleTimeCount = 11.0; EventCycleTimeMax = 0.01828408241271973; EventCycleTimeMin = 2.002716064453125E-05; EventCycleTimeStd = 0.005884174592577522; EventCycleTimeSum = 0.04984331130981445; LogProcessCycleTimeAvg = 0.002372162682669504; LogProcessCycleTimeCount = 7.0; LogProcessCycleTimeMax = 0.005393028259277344; LogProcessCycleTimeMin = 0.0001771450042724609; LogProcessCycleTimeStd = 0.002639000821174544; LogProcessCycleTimeSum = 0.01660513877868652; SleepCycleTimeAvg = 4.989281611009077; SleepCycleTimeCount = 11.0; SleepCycleTimeMax = 5.432803869247437; SleepCycleTimeMin = 4.404087066650391; SleepCycleTimeStd = 0.2326790593431226; SleepCycleTimeSum = 54.88209772109985; SubmitCycleTimeAvg = 0.003015836079915365; SubmitCycleTimeCount = 12.0; SubmitCycleTimeMax = 0.01802206039428711; SubmitCycleTimeMin = 6.914138793945312E-06; SubmitCycleTimeStd = 0.005869885130719267; SubmitCycleTimeSum = 0.03619003295898438; ]
03/03/23 22:24:39 Initializing user log writer for /home/mzalam/processwf/submit/mzalam/pegasus/process/run0001/./process-0.dag.nodes.log, (4.0.0)
03/03/23 22:24:44 Currently monitoring 1 HTCondor log file(s)
03/03/23 22:24:44 Event: ULOG_POST_SCRIPT_TERMINATED for HTCondor Node stage_out_local_local_0_0 (4.0.0) {03/03/23 22:24:39}
03/03/23 22:24:44 POST Script of node stage_out_local_local_0_0 completed successfully.
03/03/23 22:24:44 DAG status: 0 (DAG_STATUS_OK)
03/03/23 22:24:44 Of 5 nodes total:
03/03/23 22:24:44  Done     Pre   Queued    Post   Ready   Un-Ready   Failed   Futile
03/03/23 22:24:44   ===     ===      ===     ===     ===        ===      ===      ===
03/03/23 22:24:44     3       0        0       0       2          0        0        0
03/03/23 22:24:44 0 job proc(s) currently held
03/03/23 22:24:44 DAGMan Runtime Statistics: [ EventCycleTimeAvg = 0.004587848981221517; EventCycleTimeCount = 12.0; EventCycleTimeMax = 0.01828408241271973; EventCycleTimeMin = 2.002716064453125E-05; EventCycleTimeStd = 0.005613770060165013; EventCycleTimeSum = 0.0550541877746582; LogProcessCycleTimeAvg = 0.002103894948959351; LogProcessCycleTimeCount = 8.0; LogProcessCycleTimeMax = 0.005393028259277344; LogProcessCycleTimeMin = 0.0001771450042724609; LogProcessCycleTimeStd = 0.002558351486913803; LogProcessCycleTimeSum = 0.0168311595916748; SleepCycleTimeAvg = 5.024401148160298; SleepCycleTimeCount = 12.0; SleepCycleTimeMax = 5.432803869247437; SleepCycleTimeMin = 4.404087066650391; SleepCycleTimeStd = 0.2530184786659075; SleepCycleTimeSum = 60.29281377792358; SubmitCycleTimeAvg = 0.00278469232412485; SubmitCycleTimeCount = 13.0; SubmitCycleTimeMax = 0.01802206039428711; SubmitCycleTimeMin = 6.914138793945312E-06; SubmitCycleTimeStd = 0.005681444548685206; SubmitCycleTimeSum = 0.03620100021362305; ]
03/03/23 22:24:49 Submitting HTCondor Node cleanup_process_0_local job(s)...
03/03/23 22:24:49 Submitting node cleanup_process_0_local from file 00/00/cleanup_process_0_local.sub using direct job submission
03/03/23 22:24:49 	assigned HTCondor ID (5.0.0)
03/03/23 22:24:49 Submitting HTCondor Node register_local_0_0 job(s)...
03/03/23 22:24:49 Submitting node register_local_0_0 from file 00/00/register_local_0_0.sub using direct job submission
03/03/23 22:24:49 	assigned HTCondor ID (6.0.0)
03/03/23 22:24:49 Just submitted 2 jobs this cycle...
03/03/23 22:24:49 DAG status: 0 (DAG_STATUS_OK)
03/03/23 22:24:49 Of 5 nodes total:
03/03/23 22:24:49  Done     Pre   Queued    Post   Ready   Un-Ready   Failed   Futile
03/03/23 22:24:49   ===     ===      ===     ===     ===        ===      ===      ===
03/03/23 22:24:49     3       0        2       0       0          0        0        0
03/03/23 22:24:49 0 job proc(s) currently held
03/03/23 22:24:49 DAGMan Runtime Statistics: [ EventCycleTimeAvg = 0.004270168451162485; EventCycleTimeCount = 13.0; EventCycleTimeMax = 0.01828408241271973; EventCycleTimeMin = 2.002716064453125E-05; EventCycleTimeStd = 0.005495469501964896; EventCycleTimeSum = 0.0555121898651123; LogProcessCycleTimeAvg = 0.002103894948959351; LogProcessCycleTimeCount = 8.0; LogProcessCycleTimeMax = 0.005393028259277344; LogProcessCycleTimeMin = 0.0001771450042724609; LogProcessCycleTimeStd = 0.002558351486913803; LogProcessCycleTimeSum = 0.0168311595916748; SleepCycleTimeAvg = 5.022923744641817; SleepCycleTimeCount = 13.0; SleepCycleTimeMax = 5.432803869247437; SleepCycleTimeMin = 4.404087066650391; SleepCycleTimeStd = 0.242305310251157; SleepCycleTimeSum = 65.29800868034363; SubmitCycleTimeAvg = 0.003722633634294782; SubmitCycleTimeCount = 14.0; SubmitCycleTimeMax = 0.01802206039428711; SubmitCycleTimeMin = 6.914138793945312E-06; SubmitCycleTimeStd = 0.006489383732494036; SubmitCycleTimeSum = 0.05211687088012695; ]
03/03/23 22:24:54 Currently monitoring 1 HTCondor log file(s)
03/03/23 22:24:54 Reassigning the id of job cleanup_process_0_local from (5.0.0) to (5.0.0)
03/03/23 22:24:54 Event: ULOG_SUBMIT for HTCondor Node cleanup_process_0_local (5.0.0) {03/03/23 22:24:49}
03/03/23 22:24:54 Number of idle job procs: 1
03/03/23 22:24:54 Reassigning the id of job register_local_0_0 from (6.0.0) to (6.0.0)
03/03/23 22:24:54 Event: ULOG_SUBMIT for HTCondor Node register_local_0_0 (6.0.0) {03/03/23 22:24:49}
03/03/23 22:24:54 Number of idle job procs: 2
03/03/23 22:24:54 Event: ULOG_EXECUTE for HTCondor Node cleanup_process_0_local (5.0.0) {03/03/23 22:24:50}
03/03/23 22:24:54 Number of idle job procs: 1
03/03/23 22:24:54 Event: ULOG_EXECUTE for HTCondor Node register_local_0_0 (6.0.0) {03/03/23 22:24:50}
03/03/23 22:24:54 Number of idle job procs: 0
03/03/23 22:24:54 Event: ULOG_JOB_TERMINATED for HTCondor Node cleanup_process_0_local (5.0.0) {03/03/23 22:24:52}
03/03/23 22:24:54 Number of idle job procs: 0
03/03/23 22:24:54 Node cleanup_process_0_local job proc (5.0.0) completed successfully.
03/03/23 22:24:54 Node cleanup_process_0_local job completed
03/03/23 22:24:54 Running POST script of Node cleanup_process_0_local...
03/03/23 22:24:54 Warning: mysin has length 0 (ignore if produced by DAGMan; see gittrac #4987, #5031)
03/03/23 22:24:54 Event: ULOG_JOB_TERMINATED for HTCondor Node register_local_0_0 (6.0.0) {03/03/23 22:24:52}
03/03/23 22:24:54 Number of idle job procs: 0
03/03/23 22:24:54 Node register_local_0_0 job proc (6.0.0) completed successfully.
03/03/23 22:24:54 Node register_local_0_0 job completed
03/03/23 22:24:54 Running POST script of Node register_local_0_0...
03/03/23 22:24:54 Warning: mysin has length 0 (ignore if produced by DAGMan; see gittrac #4987, #5031)
03/03/23 22:24:55 DAG status: 0 (DAG_STATUS_OK)
03/03/23 22:24:55 Of 5 nodes total:
03/03/23 22:24:55  Done     Pre   Queued    Post   Ready   Un-Ready   Failed   Futile
03/03/23 22:24:55   ===     ===      ===     ===     ===        ===      ===      ===
03/03/23 22:24:55     3       0        0       2       0          0        0        0
03/03/23 22:24:55 0 job proc(s) currently held
03/03/23 22:24:55 DAGMan Runtime Statistics: [ EventCycleTimeAvg = 0.005121162959507534; EventCycleTimeCount = 14.0; EventCycleTimeMax = 0.01828408241271973; EventCycleTimeMin = 2.002716064453125E-05; EventCycleTimeStd = 0.006165693556675581; EventCycleTimeSum = 0.07169628143310547; LogProcessCycleTimeAvg = 0.002946694691975912; LogProcessCycleTimeCount = 9.0; LogProcessCycleTimeMax = 0.009689092636108398; LogProcessCycleTimeMin = 0.0001771450042724609; LogProcessCycleTimeStd = 0.003481353142203307; LogProcessCycleTimeSum = 0.0265202522277832; SleepCycleTimeAvg = 5.021651472364153; SleepCycleTimeCount = 14.0; SleepCycleTimeMax = 5.432803869247437; SleepCycleTimeMin = 4.404087066650391; SleepCycleTimeStd = 0.2328480785139141; SleepCycleTimeSum = 70.30312061309814; SubmitCycleTimeAvg = 0.003474919001261393; SubmitCycleTimeCount = 15.0; SubmitCycleTimeMax = 0.01802206039428711; SubmitCycleTimeMin = 6.914138793945312E-06; SubmitCycleTimeStd = 0.006326494454933265; SubmitCycleTimeSum = 0.0521237850189209; ]
03/03/23 22:24:55 Initializing user log writer for /home/mzalam/processwf/submit/mzalam/pegasus/process/run0001/./process-0.dag.nodes.log, (6.0.0)
03/03/23 22:24:55 Initializing user log writer for /home/mzalam/processwf/submit/mzalam/pegasus/process/run0001/./process-0.dag.nodes.log, (5.0.0)
03/03/23 22:25:00 Currently monitoring 1 HTCondor log file(s)
03/03/23 22:25:00 Event: ULOG_POST_SCRIPT_TERMINATED for HTCondor Node register_local_0_0 (6.0.0) {03/03/23 22:24:55}
03/03/23 22:25:00 POST Script of node register_local_0_0 completed successfully.
03/03/23 22:25:00 Event: ULOG_POST_SCRIPT_TERMINATED for HTCondor Node cleanup_process_0_local (5.0.0) {03/03/23 22:24:55}
03/03/23 22:25:00 POST Script of node cleanup_process_0_local completed successfully.
03/03/23 22:25:00 DAG status: 0 (DAG_STATUS_OK)
03/03/23 22:25:00 Of 5 nodes total:
03/03/23 22:25:00  Done     Pre   Queued    Post   Ready   Un-Ready   Failed   Futile
03/03/23 22:25:00   ===     ===      ===     ===     ===        ===      ===      ===
03/03/23 22:25:00     5       0        0       0       0          0        0        0
03/03/23 22:25:00 0 job proc(s) currently held
03/03/23 22:25:00 DAGMan Runtime Statistics: [ EventCycleTimeAvg = 0.005446163813273112; EventCycleTimeCount = 15.0; EventCycleTimeMax = 0.01828408241271973; EventCycleTimeMin = 2.002716064453125E-05; EventCycleTimeStd = 0.00607328146175616; EventCycleTimeSum = 0.08169245719909668; LogProcessCycleTimeAvg = 0.002676534652709961; LogProcessCycleTimeCount = 10.0; LogProcessCycleTimeMax = 0.009689092636108398; LogProcessCycleTimeMin = 0.0001771450042724609; LogProcessCycleTimeStd = 0.003391612822165337; LogProcessCycleTimeSum = 0.02676534652709961; SleepCycleTimeAvg = 5.048934030532837; SleepCycleTimeCount = 15.0; SleepCycleTimeMax = 5.432803869247437; SleepCycleTimeMin = 4.404087066650391; SleepCycleTimeStd = 0.2480132392098336; SleepCycleTimeSum = 75.73401045799255; SubmitCycleTimeAvg = 0.003258168697357178; SubmitCycleTimeCount = 16.0; SubmitCycleTimeMax = 0.01802206039428711; SubmitCycleTimeMin = 6.914138793945312E-06; SubmitCycleTimeStd = 0.006173161350310096; SubmitCycleTimeSum = 0.05213069915771484; ]
03/03/23 22:25:00 All jobs Completed!
03/03/23 22:25:00 Note: 0 total job deferrals because of -MaxJobs limit (0)
03/03/23 22:25:00 Note: 0 total job deferrals because of -MaxIdle limit (1000)
03/03/23 22:25:00 Note: 0 total job deferrals because of node category throttles
03/03/23 22:25:00 Note: 0 total PRE script deferrals because of -MaxPre limit (20) or DEFER
03/03/23 22:25:00 Note: 0 total POST script deferrals because of -MaxPost limit (20) or DEFER
03/03/23 22:25:00 Note: 0 total HOLD script deferrals because of -MaxHold limit (20) or DEFER
03/03/23 22:25:00 DAG status: 0 (DAG_STATUS_OK)
03/03/23 22:25:00 Of 5 nodes total:
03/03/23 22:25:00  Done     Pre   Queued    Post   Ready   Un-Ready   Failed   Futile
03/03/23 22:25:00   ===     ===      ===     ===     ===        ===      ===      ===
03/03/23 22:25:00     5       0        0       0       0          0        0        0
03/03/23 22:25:00 0 job proc(s) currently held
03/03/23 22:25:00 DAGMan Runtime Statistics: [ EventCycleTimeAvg = 0.005446163813273112; EventCycleTimeCount = 15.0; EventCycleTimeMax = 0.01828408241271973; EventCycleTimeMin = 2.002716064453125E-05; EventCycleTimeStd = 0.00607328146175616; EventCycleTimeSum = 0.08169245719909668; LogProcessCycleTimeAvg = 0.002676534652709961; LogProcessCycleTimeCount = 10.0; LogProcessCycleTimeMax = 0.009689092636108398; LogProcessCycleTimeMin = 0.0001771450042724609; LogProcessCycleTimeStd = 0.003391612822165337; LogProcessCycleTimeSum = 0.02676534652709961; SleepCycleTimeAvg = 5.048934030532837; SleepCycleTimeCount = 15.0; SleepCycleTimeMax = 5.432803869247437; SleepCycleTimeMin = 4.404087066650391; SleepCycleTimeStd = 0.2480132392098336; SleepCycleTimeSum = 75.73401045799255; SubmitCycleTimeAvg = 0.003258168697357178; SubmitCycleTimeCount = 16.0; SubmitCycleTimeMax = 0.01802206039428711; SubmitCycleTimeMin = 6.914138793945312E-06; SubmitCycleTimeStd = 0.006173161350310096; SubmitCycleTimeSum = 0.05213069915771484; ]
03/03/23 22:25:00 Wrote metrics file process-0.dag.metrics.
03/03/23 22:25:00 DAGMan Runtime Statistics: [ EventCycleTimeAvg = 0.005446163813273112; EventCycleTimeCount = 15.0; EventCycleTimeMax = 0.01828408241271973; EventCycleTimeMin = 2.002716064453125E-05; EventCycleTimeStd = 0.00607328146175616; EventCycleTimeSum = 0.08169245719909668; LogProcessCycleTimeAvg = 0.002676534652709961; LogProcessCycleTimeCount = 10.0; LogProcessCycleTimeMax = 0.009689092636108398; LogProcessCycleTimeMin = 0.0001771450042724609; LogProcessCycleTimeStd = 0.003391612822165337; LogProcessCycleTimeSum = 0.02676534652709961; SleepCycleTimeAvg = 5.048934030532837; SleepCycleTimeCount = 15.0; SleepCycleTimeMax = 5.432803869247437; SleepCycleTimeMin = 4.404087066650391; SleepCycleTimeStd = 0.2480132392098336; SleepCycleTimeSum = 75.73401045799255; SubmitCycleTimeAvg = 0.003258168697357178; SubmitCycleTimeCount = 16.0; SubmitCycleTimeMax = 0.01802206039428711; SubmitCycleTimeMin = 6.914138793945312E-06; SubmitCycleTimeStd = 0.006173161350310096; SubmitCycleTimeSum = 0.05213069915771484; ]
03/03/23 22:25:00 **** condor_scheduniv_exec.1.0 (condor_DAGMAN) pid 132896 EXITING WITH STATUS 0
