02/14/23 16:40:09 ******************************************************
02/14/23 16:40:09 ** condor_scheduniv_exec.12308.0 (CONDOR_DAGMAN) STARTING UP
02/14/23 16:40:09 ** /usr/bin/condor_dagman
02/14/23 16:40:09 ** SubsystemInfo: name=DAGMAN type=DAGMAN(9) class=CLIENT(2)
02/14/23 16:40:09 ** Configuration: subsystem:DAGMAN local:<NONE> class:CLIENT
02/14/23 16:40:09 ** $CondorVersion: 10.2.0 2023-01-05 BuildID: 621409 PackageID: 10.2.0-1 $
02/14/23 16:40:09 ** $CondorPlatform: x86_64_AlmaLinux8 $
02/14/23 16:40:09 ** PID = 4162551
02/14/23 16:40:09 ** Log last touched time unavailable (No such file or directory)
02/14/23 16:40:09 ******************************************************
02/14/23 16:40:09 Using config source: /etc/condor/condor_config
02/14/23 16:40:09 Using local config sources: 
02/14/23 16:40:09    /etc/condor/config.d/00-htcondor-9.0.config
02/14/23 16:40:09    /etc/condor/config.d/10-isi-main.conf
02/14/23 16:40:09    /etc/condor/config.d/10-stash-plugin.conf
02/14/23 16:40:09    /etc/condor/config.d/20-machine-specifics.conf
02/14/23 16:40:09    /etc/condor/config.d/80-pegasus.conf
02/14/23 16:40:09    /etc/condor/config.d/90-common-overrides.conf
02/14/23 16:40:09    /etc/condor/config.d/99-local.conf
02/14/23 16:40:09    /etc/condor/condor_config.local
02/14/23 16:40:09 config Macros = 114, Sorted = 114, StringBytes = 3605, TablesBytes = 4208
02/14/23 16:40:09 CLASSAD_CACHING is ENABLED
02/14/23 16:40:09 Daemon Log is logging: D_ALWAYS D_ERROR D_STATUS
02/14/23 16:40:09 DaemonCore: No command port requested.
02/14/23 16:40:09 DAGMAN_USE_STRICT setting: 1
02/14/23 16:40:09 DAGMAN_VERBOSITY setting: 3
02/14/23 16:40:09 DAGMAN_DEBUG_CACHE_SIZE setting: 5242880
02/14/23 16:40:09 DAGMAN_DEBUG_CACHE_ENABLE setting: False
02/14/23 16:40:09 DAGMAN_SUBMIT_DELAY setting: 0
02/14/23 16:40:09 DAGMAN_MAX_SUBMIT_ATTEMPTS setting: 6
02/14/23 16:40:09 DAGMAN_STARTUP_CYCLE_DETECT setting: False
02/14/23 16:40:09 DAGMAN_MAX_SUBMITS_PER_INTERVAL setting: 100
02/14/23 16:40:09 DAGMAN_AGGRESSIVE_SUBMIT setting: False
02/14/23 16:40:09 DAGMAN_USER_LOG_SCAN_INTERVAL setting: 5
02/14/23 16:40:09 DAGMAN_QUEUE_UPDATE_INTERVAL setting: 300
02/14/23 16:40:09 DAGMAN_DEFAULT_PRIORITY setting: 0
02/14/23 16:40:09 DAGMAN_SUPPRESS_NOTIFICATION setting: True
02/14/23 16:40:09 allow_events (DAGMAN_ALLOW_EVENTS) setting: 114
02/14/23 16:40:09 DAGMAN_RETRY_SUBMIT_FIRST setting: True
02/14/23 16:40:09 DAGMAN_RETRY_NODE_FIRST setting: False
02/14/23 16:40:09 DAGMAN_MAX_JOBS_IDLE setting: 1000
02/14/23 16:40:09 DAGMAN_MAX_JOBS_SUBMITTED setting: 0
02/14/23 16:40:09 DAGMAN_MAX_PRE_SCRIPTS setting: 20
02/14/23 16:40:09 DAGMAN_MAX_POST_SCRIPTS setting: 20
02/14/23 16:40:09 DAGMAN_MAX_HOLD_SCRIPTS setting: 20
02/14/23 16:40:09 DAGMAN_MUNGE_NODE_NAMES setting: True
02/14/23 16:40:09 DAGMAN_PROHIBIT_MULTI_JOBS setting: False
02/14/23 16:40:09 DAGMAN_SUBMIT_DEPTH_FIRST setting: False
02/14/23 16:40:09 DAGMAN_ALWAYS_RUN_POST setting: False
02/14/23 16:40:09 DAGMAN_CONDOR_SUBMIT_EXE setting: /usr/bin/condor_submit
02/14/23 16:40:09 DAGMAN_USE_DIRECT_SUBMIT setting: True
02/14/23 16:40:09 DAGMAN_DEFAULT_APPEND_VARS setting: False
02/14/23 16:40:09 DAGMAN_ABORT_DUPLICATES setting: True
02/14/23 16:40:09 DAGMAN_ABORT_ON_SCARY_SUBMIT setting: True
02/14/23 16:40:09 DAGMAN_PENDING_REPORT_INTERVAL setting: 600
02/14/23 16:40:09 DAGMAN_AUTO_RESCUE setting: True
02/14/23 16:40:09 DAGMAN_MAX_RESCUE_NUM setting: 100
02/14/23 16:40:09 DAGMAN_WRITE_PARTIAL_RESCUE setting: True
02/14/23 16:40:09 DAGMAN_DEFAULT_NODE_LOG setting: @(DAG_DIR)/@(DAG_FILE).nodes.log
02/14/23 16:40:09 DAGMAN_GENERATE_SUBDAG_SUBMITS setting: True
02/14/23 16:40:09 DAGMAN_MAX_JOB_HOLDS setting: 100
02/14/23 16:40:09 DAGMAN_HOLD_CLAIM_TIME setting: 20
02/14/23 16:40:09 ALL_DEBUG setting: 
02/14/23 16:40:09 DAGMAN_DEBUG setting: 
02/14/23 16:40:09 DAGMAN_SUPPRESS_JOB_LOGS setting: False
02/14/23 16:40:09 DAGMAN_REMOVE_NODE_JOBS setting: True
02/14/23 16:40:09 DAGMAN will adjust edges after parsing
02/14/23 16:40:09 argv[0] == "condor_scheduniv_exec.12308.0"
02/14/23 16:40:09 argv[1] == "-Lockfile"
02/14/23 16:40:09 argv[2] == "process-0.dag.lock"
02/14/23 16:40:09 argv[3] == "-AutoRescue"
02/14/23 16:40:09 argv[4] == "1"
02/14/23 16:40:09 argv[5] == "-DoRescueFrom"
02/14/23 16:40:09 argv[6] == "0"
02/14/23 16:40:09 argv[7] == "-Dag"
02/14/23 16:40:09 argv[8] == "process-0.dag"
02/14/23 16:40:09 argv[9] == "-MaxPost"
02/14/23 16:40:09 argv[10] == "20"
02/14/23 16:40:09 argv[11] == "-Suppress_notification"
02/14/23 16:40:09 argv[12] == "-CsdVersion"
02/14/23 16:40:09 argv[13] == "$CondorVersion: 10.2.0 2023-01-05 BuildID: 621409 PackageID: 10.2.0-1 $"
02/14/23 16:40:09 argv[14] == "-Dagman"
02/14/23 16:40:09 argv[15] == "/usr/bin/condor_dagman"
02/14/23 16:40:09 Can't open directory "/etc/condor/passwords.d" as PRIV_ROOT, errno: 13 (Permission denied)
02/14/23 16:40:09 Can't open directory "/etc/condor/passwords.d" as PRIV_ROOT, errno: 13 (Permission denied)
02/14/23 16:40:09 TOKEN: No token found.
02/14/23 16:40:09 Workflow batch-id: <12308.0>
02/14/23 16:40:09 Workflow batch-name: <process-0.dag+12308>
02/14/23 16:40:09 Workflow accounting_group: <>
02/14/23 16:40:09 Workflow accounting_group_user: <>
02/14/23 16:40:09 Warning: failed to get attribute DAGNodeName
02/14/23 16:40:09 DAGMAN_LOG_ON_NFS_IS_ERROR setting: False
02/14/23 16:40:09 Default node log file is: </home/mzalam/pro/process-workflow/submit/mzalam/pegasus/process/run0001/./process-0.dag.nodes.log>
02/14/23 16:40:09 DAG Lockfile will be written to process-0.dag.lock
02/14/23 16:40:09 DAG Input file is process-0.dag
02/14/23 16:40:09 Parsing 1 dagfiles
02/14/23 16:40:09 Parsing process-0.dag ...
02/14/23 16:40:09 Adjusting edges
02/14/23 16:40:09 Warning: category cleanup has no assigned nodes, so the throttle setting (4) will have no effect
02/14/23 16:40:09 Warning: category stagein has no assigned nodes, so the throttle setting (10) will have no effect
02/14/23 16:40:09 Dag contains 5 total jobs
02/14/23 16:40:09 Bootstrapping...
02/14/23 16:40:09 Number of pre-completed nodes: 0
02/14/23 16:40:09 MultiLogFiles: truncating log file /home/mzalam/pro/process-workflow/submit/mzalam/pegasus/process/run0001/./process-0.dag.nodes.log
02/14/23 16:40:09 DAG status: 0 (DAG_STATUS_OK)
02/14/23 16:40:09 Of 5 nodes total:
02/14/23 16:40:09  Done     Pre   Queued    Post   Ready   Un-Ready   Failed   Futile
02/14/23 16:40:09   ===     ===      ===     ===     ===        ===      ===      ===
02/14/23 16:40:09     0       0        0       0       1          4        0        0
02/14/23 16:40:09 0 job proc(s) currently held
02/14/23 16:40:09 DAGMan Runtime Statistics: [ EventCycleTimeCount = 0.0; EventCycleTimeSum = 0.0; LogProcessCycleTimeCount = 0.0; LogProcessCycleTimeSum = 0.0; SleepCycleTimeCount = 0.0; SleepCycleTimeSum = 0.0; SubmitCycleTimeCount = 0.0; SubmitCycleTimeSum = 0.0; ]
02/14/23 16:40:09 Registering condor_event_timer...
02/14/23 16:40:10 Submitting HTCondor Node create_dir_process_0_local job(s)...
02/14/23 16:40:10 Submitting node create_dir_process_0_local from file 00/00/create_dir_process_0_local.sub using direct job submission
02/14/23 16:40:10 	assigned HTCondor ID (12309.0.0)
02/14/23 16:40:10 Just submitted 1 job this cycle...
02/14/23 16:40:10 DAG status: 0 (DAG_STATUS_OK)
02/14/23 16:40:10 Of 5 nodes total:
02/14/23 16:40:10  Done     Pre   Queued    Post   Ready   Un-Ready   Failed   Futile
02/14/23 16:40:10   ===     ===      ===     ===     ===        ===      ===      ===
02/14/23 16:40:10     0       0        1       0       0          4        0        0
02/14/23 16:40:10 0 job proc(s) currently held
02/14/23 16:40:10 DAGMan Runtime Statistics: [ EventCycleTimeCount = 0.0; EventCycleTimeSum = 0.0; LogProcessCycleTimeCount = 0.0; LogProcessCycleTimeSum = 0.0; SleepCycleTimeCount = 0.0; SleepCycleTimeSum = 0.0; SubmitCycleTimeAvg = 0.0116889476776123; SubmitCycleTimeCount = 1.0; SubmitCycleTimeMax = 0.0116889476776123; SubmitCycleTimeMin = 0.0116889476776123; SubmitCycleTimeStd = 0.0116889476776123; SubmitCycleTimeSum = 0.0116889476776123; ]
02/14/23 16:40:15 Currently monitoring 1 HTCondor log file(s)
02/14/23 16:40:15 Reassigning the id of job create_dir_process_0_local from (12309.0.0) to (12309.0.0)
02/14/23 16:40:15 Event: ULOG_SUBMIT for HTCondor Node create_dir_process_0_local (12309.0.0) {02/14/23 16:40:10}
02/14/23 16:40:15 Number of idle job procs: 1
02/14/23 16:40:20 Currently monitoring 1 HTCondor log file(s)
02/14/23 16:40:20 Event: ULOG_EXECUTE for HTCondor Node create_dir_process_0_local (12309.0.0) {02/14/23 16:40:15}
02/14/23 16:40:20 Number of idle job procs: 0
02/14/23 16:40:20 Event: ULOG_JOB_TERMINATED for HTCondor Node create_dir_process_0_local (12309.0.0) {02/14/23 16:40:18}
02/14/23 16:40:20 Number of idle job procs: 0
02/14/23 16:40:20 Node create_dir_process_0_local job proc (12309.0.0) completed successfully.
02/14/23 16:40:20 Node create_dir_process_0_local job completed
02/14/23 16:40:20 Running POST script of Node create_dir_process_0_local...
02/14/23 16:40:20 Warning: mysin has length 0 (ignore if produced by DAGMan; see gittrac #4987, #5031)
02/14/23 16:40:20 DAG status: 0 (DAG_STATUS_OK)
02/14/23 16:40:20 Of 5 nodes total:
02/14/23 16:40:20  Done     Pre   Queued    Post   Ready   Un-Ready   Failed   Futile
02/14/23 16:40:20   ===     ===      ===     ===     ===        ===      ===      ===
02/14/23 16:40:20     0       0        0       1       0          4        0        0
02/14/23 16:40:20 0 job proc(s) currently held
02/14/23 16:40:20 DAGMan Runtime Statistics: [ EventCycleTimeAvg = 0.006180405616760254; EventCycleTimeCount = 2.0; EventCycleTimeMax = 0.01191186904907227; EventCycleTimeMin = 0.0004489421844482422; EventCycleTimeStd = 0.008105513318221097; EventCycleTimeSum = 0.01236081123352051; LogProcessCycleTimeAvg = 0.002633094787597656; LogProcessCycleTimeCount = 2.0; LogProcessCycleTimeMax = 0.004839181900024414; LogProcessCycleTimeMin = 0.0004270076751708984; LogProcessCycleTimeStd = 0.00311987831417042; LogProcessCycleTimeSum = 0.005266189575195312; SleepCycleTimeAvg = 5.00514554977417; SleepCycleTimeCount = 2.0; SleepCycleTimeMax = 5.005186080932617; SleepCycleTimeMin = 5.005105018615723; SleepCycleTimeStd = 5.731971397481589E-05; SleepCycleTimeSum = 10.01029109954834; SubmitCycleTimeAvg = 0.00390164057413737; SubmitCycleTimeCount = 3.0; SubmitCycleTimeMax = 0.0116889476776123; SubmitCycleTimeMin = 7.867813110351562E-06; SubmitCycleTimeStd = 0.0067440057797339; SubmitCycleTimeSum = 0.01170492172241211; ]
02/14/23 16:40:21 Initializing user log writer for /home/mzalam/pro/process-workflow/submit/mzalam/pegasus/process/run0001/./process-0.dag.nodes.log, (12309.0.0)
02/14/23 16:40:25 Currently monitoring 1 HTCondor log file(s)
02/14/23 16:40:25 Event: ULOG_POST_SCRIPT_TERMINATED for HTCondor Node create_dir_process_0_local (12309.0.0) {02/14/23 16:40:21}
02/14/23 16:40:25 POST Script of node create_dir_process_0_local completed successfully.
02/14/23 16:40:25 DAG status: 0 (DAG_STATUS_OK)
02/14/23 16:40:25 Of 5 nodes total:
02/14/23 16:40:25  Done     Pre   Queued    Post   Ready   Un-Ready   Failed   Futile
02/14/23 16:40:25   ===     ===      ===     ===     ===        ===      ===      ===
02/14/23 16:40:25     1       0        0       0       1          3        0        0
02/14/23 16:40:25 0 job proc(s) currently held
02/14/23 16:40:25 DAGMan Runtime Statistics: [ EventCycleTimeAvg = 0.005836963653564453; EventCycleTimeCount = 3.0; EventCycleTimeMax = 0.01191186904907227; EventCycleTimeMin = 0.0004489421844482422; EventCycleTimeStd = 0.005762250447714083; EventCycleTimeSum = 0.01751089096069336; LogProcessCycleTimeAvg = 0.001912673314412435; LogProcessCycleTimeCount = 3.0; LogProcessCycleTimeMax = 0.004839181900024414; LogProcessCycleTimeMin = 0.0004270076751708984; LogProcessCycleTimeStd = 0.002534529866601403; LogProcessCycleTimeSum = 0.005738019943237305; SleepCycleTimeAvg = 4.805263996124268; SleepCycleTimeCount = 3.0; SleepCycleTimeMax = 5.005186080932617; SleepCycleTimeMin = 4.405500888824463; SleepCycleTimeStd = 0.3462050087899815; SleepCycleTimeSum = 14.4157919883728; SubmitCycleTimeAvg = 0.002928256988525391; SubmitCycleTimeCount = 4.0; SubmitCycleTimeMax = 0.0116889476776123; SubmitCycleTimeMin = 7.867813110351562E-06; SubmitCycleTimeStd = 0.005840460460472686; SubmitCycleTimeSum = 0.01171302795410156; ]
02/14/23 16:40:30 Submitting HTCondor Node ls_ID0000001 job(s)...
02/14/23 16:40:30 Submitting node ls_ID0000001 from file 00/00/ls_ID0000001.sub using direct job submission
02/14/23 16:40:30 	assigned HTCondor ID (12310.0.0)
02/14/23 16:40:30 Just submitted 1 job this cycle...
02/14/23 16:40:30 DAG status: 0 (DAG_STATUS_OK)
02/14/23 16:40:30 Of 5 nodes total:
02/14/23 16:40:30  Done     Pre   Queued    Post   Ready   Un-Ready   Failed   Futile
02/14/23 16:40:30   ===     ===      ===     ===     ===        ===      ===      ===
02/14/23 16:40:30     1       0        1       0       0          3        0        0
02/14/23 16:40:30 0 job proc(s) currently held
02/14/23 16:40:30 DAGMan Runtime Statistics: [ EventCycleTimeAvg = 0.00455772876739502; EventCycleTimeCount = 4.0; EventCycleTimeMax = 0.01191186904907227; EventCycleTimeMin = 0.0004489421844482422; EventCycleTimeStd = 0.005355506921922436; EventCycleTimeSum = 0.01823091506958008; LogProcessCycleTimeAvg = 0.001912673314412435; LogProcessCycleTimeCount = 3.0; LogProcessCycleTimeMax = 0.004839181900024414; LogProcessCycleTimeMin = 0.0004270076751708984; LogProcessCycleTimeStd = 0.002534529866601403; LogProcessCycleTimeSum = 0.005738019943237305; SleepCycleTimeAvg = 4.855223000049591; SleepCycleTimeCount = 4.0; SleepCycleTimeMax = 5.005186080932617; SleepCycleTimeMin = 4.405500888824463; SleepCycleTimeStd = 0.2998147434116987; SleepCycleTimeSum = 19.42089200019836; SubmitCycleTimeAvg = 0.004247617721557617; SubmitCycleTimeCount = 5.0; SubmitCycleTimeMax = 0.0116889476776123; SubmitCycleTimeMin = 7.867813110351562E-06; SubmitCycleTimeStd = 0.005855492935022234; SubmitCycleTimeSum = 0.02123808860778809; ]
02/14/23 16:40:35 Currently monitoring 1 HTCondor log file(s)
02/14/23 16:40:35 Reassigning the id of job ls_ID0000001 from (12310.0.0) to (12310.0.0)
02/14/23 16:40:35 Event: ULOG_SUBMIT for HTCondor Node ls_ID0000001 (12310.0.0) {02/14/23 16:40:30}
02/14/23 16:40:35 Number of idle job procs: 1
02/14/23 16:40:50 Currently monitoring 1 HTCondor log file(s)
02/14/23 16:40:50 Event: ULOG_EXECUTE for HTCondor Node ls_ID0000001 (12310.0.0) {02/14/23 16:40:49}
02/14/23 16:40:50 Number of idle job procs: 0
02/14/23 16:40:55 Currently monitoring 1 HTCondor log file(s)
02/14/23 16:40:55 Event: ULOG_JOB_TERMINATED for HTCondor Node ls_ID0000001 (12310.0.0) {02/14/23 16:40:52}
02/14/23 16:40:55 Number of idle job procs: 0
02/14/23 16:40:55 Node ls_ID0000001 job proc (12310.0.0) failed with status 2.
02/14/23 16:40:55 Node ls_ID0000001 job completed
02/14/23 16:40:55 Running POST script of Node ls_ID0000001...
02/14/23 16:40:55 Warning: mysin has length 0 (ignore if produced by DAGMan; see gittrac #4987, #5031)
02/14/23 16:40:55 DAG status: 0 (DAG_STATUS_OK)
02/14/23 16:40:55 Of 5 nodes total:
02/14/23 16:40:55  Done     Pre   Queued    Post   Ready   Un-Ready   Failed   Futile
02/14/23 16:40:55   ===     ===      ===     ===     ===        ===      ===      ===
02/14/23 16:40:55     1       0        0       1       0          3        0        0
02/14/23 16:40:55 0 job proc(s) currently held
02/14/23 16:40:55 DAGMan Runtime Statistics: [ EventCycleTimeAvg = 0.003188769022623698; EventCycleTimeCount = 9.0; EventCycleTimeMax = 0.01191186904907227; EventCycleTimeMin = 9.059906005859375E-06; EventCycleTimeStd = 0.004665038218723621; EventCycleTimeSum = 0.02869892120361328; LogProcessCycleTimeAvg = 0.001865466435750325; LogProcessCycleTimeCount = 6.0; LogProcessCycleTimeMax = 0.004864931106567383; LogProcessCycleTimeMin = 0.0001850128173828125; LogProcessCycleTimeStd = 0.002315535634007617; LogProcessCycleTimeSum = 0.01119279861450195; SleepCycleTimeAvg = 4.938492324617174; SleepCycleTimeCount = 9.0; SleepCycleTimeMax = 5.005186080932617; SleepCycleTimeMin = 4.405500888824463; SleepCycleTimeStd = 0.1998717903164464; SleepCycleTimeSum = 44.44643092155457; SubmitCycleTimeAvg = 0.002127265930175781; SubmitCycleTimeCount = 10.0; SubmitCycleTimeMax = 0.0116889476776123; SubmitCycleTimeMin = 4.053115844726562E-06; SubmitCycleTimeStd = 0.004498223355464816; SubmitCycleTimeSum = 0.02127265930175781; ]
02/14/23 16:40:55 Initializing user log writer for /home/mzalam/pro/process-workflow/submit/mzalam/pegasus/process/run0001/./process-0.dag.nodes.log, (12310.0.0)
02/14/23 16:41:00 Currently monitoring 1 HTCondor log file(s)
02/14/23 16:41:00 Event: ULOG_POST_SCRIPT_TERMINATED for HTCondor Node ls_ID0000001 (12310.0.0) {02/14/23 16:40:55}
02/14/23 16:41:00 POST Script of node ls_ID0000001 failed with status 1
02/14/23 16:41:00 POST for Node ls_ID0000001 returned 1
02/14/23 16:41:00 Retrying node ls_ID0000001 (retry #1 of 1)...
02/14/23 16:41:00 DAG status: 0 (DAG_STATUS_OK)
02/14/23 16:41:00 Of 5 nodes total:
02/14/23 16:41:00  Done     Pre   Queued    Post   Ready   Un-Ready   Failed   Futile
02/14/23 16:41:00   ===     ===      ===     ===     ===        ===      ===      ===
02/14/23 16:41:00     1       0        0       0       1          3        0        0
02/14/23 16:41:00 0 job proc(s) currently held
02/14/23 16:41:00 DAGMan Runtime Statistics: [ EventCycleTimeAvg = 0.003384304046630859; EventCycleTimeCount = 10.0; EventCycleTimeMax = 0.01191186904907227; EventCycleTimeMin = 9.059906005859375E-06; EventCycleTimeStd = 0.004441492588989398; EventCycleTimeSum = 0.03384304046630859; LogProcessCycleTimeAvg = 0.001670973641531808; LogProcessCycleTimeCount = 7.0; LogProcessCycleTimeMax = 0.004864931106567383; LogProcessCycleTimeMin = 0.0001850128173828125; LogProcessCycleTimeStd = 0.002175518295943835; LogProcessCycleTimeSum = 0.01169681549072266; SleepCycleTimeAvg = 4.980873489379883; SleepCycleTimeCount = 10.0; SleepCycleTimeMax = 5.362303972244263; SleepCycleTimeMin = 4.405500888824463; SleepCycleTimeStd = 0.2312393041159743; SleepCycleTimeSum = 49.80873489379883; SubmitCycleTimeAvg = 0.001934615048495206; SubmitCycleTimeCount = 11.0; SubmitCycleTimeMax = 0.0116889476776123; SubmitCycleTimeMin = 4.053115844726562E-06; SubmitCycleTimeStd = 0.004314958864742462; SubmitCycleTimeSum = 0.02128076553344727; ]
02/14/23 16:41:05 Reassigning the id of job ls_ID0000001 from (12310.0.0) to (-1.-1.-1)
02/14/23 16:41:05 Submitting HTCondor Node ls_ID0000001 job(s)...
02/14/23 16:41:05 Submitting node ls_ID0000001 from file 00/00/ls_ID0000001.sub using direct job submission
02/14/23 16:41:05 	assigned HTCondor ID (12311.0.0)
02/14/23 16:41:05 Just submitted 1 job this cycle...
02/14/23 16:41:05 DAG status: 0 (DAG_STATUS_OK)
02/14/23 16:41:05 Of 5 nodes total:
02/14/23 16:41:05  Done     Pre   Queued    Post   Ready   Un-Ready   Failed   Futile
02/14/23 16:41:05   ===     ===      ===     ===     ===        ===      ===      ===
02/14/23 16:41:05     1       0        1       0       0          3        0        0
02/14/23 16:41:05 0 job proc(s) currently held
02/14/23 16:41:05 DAGMan Runtime Statistics: [ EventCycleTimeAvg = 0.003145282918756659; EventCycleTimeCount = 11.0; EventCycleTimeMax = 0.01191186904907227; EventCycleTimeMin = 9.059906005859375E-06; EventCycleTimeStd = 0.004287494941281654; EventCycleTimeSum = 0.03459811210632324; LogProcessCycleTimeAvg = 0.001670973641531808; LogProcessCycleTimeCount = 7.0; LogProcessCycleTimeMax = 0.004864931106567383; LogProcessCycleTimeMin = 0.0001850128173828125; LogProcessCycleTimeStd = 0.002175518295943835; LogProcessCycleTimeSum = 0.01169681549072266; SleepCycleTimeAvg = 4.983077981255271; SleepCycleTimeCount = 11.0; SleepCycleTimeMax = 5.362303972244263; SleepCycleTimeMin = 4.405500888824463; SleepCycleTimeStd = 0.2194946737849327; SleepCycleTimeSum = 54.81385779380798; SubmitCycleTimeAvg = 0.002611319224039713; SubmitCycleTimeCount = 12.0; SubmitCycleTimeMax = 0.0116889476776123; SubmitCycleTimeMin = 4.053115844726562E-06; SubmitCycleTimeStd = 0.004735122802309957; SubmitCycleTimeSum = 0.03133583068847656; ]
02/14/23 16:41:10 Currently monitoring 1 HTCondor log file(s)
02/14/23 16:41:10 Reassigning the id of job ls_ID0000001 from (12311.0.0) to (12311.0.0)
02/14/23 16:41:10 Event: ULOG_SUBMIT for HTCondor Node ls_ID0000001 (12311.0.0) {02/14/23 16:41:05}
02/14/23 16:41:10 Number of idle job procs: 1
02/14/23 16:46:11 Currently monitoring 1 HTCondor log file(s)
02/14/23 16:46:11 Event: ULOG_EXECUTE for HTCondor Node ls_ID0000001 (12311.0.0) {02/14/23 16:46:10}
02/14/23 16:46:11 Number of idle job procs: 0
02/14/23 16:46:16 Currently monitoring 1 HTCondor log file(s)
02/14/23 16:46:16 Event: ULOG_JOB_TERMINATED for HTCondor Node ls_ID0000001 (12311.0.0) {02/14/23 16:46:13}
02/14/23 16:46:16 Number of idle job procs: 0
02/14/23 16:46:16 Node ls_ID0000001 job proc (12311.0.0) failed with status 2.
02/14/23 16:46:16 Node ls_ID0000001 job completed
02/14/23 16:46:16 Running POST script of Node ls_ID0000001...
02/14/23 16:46:16 Warning: mysin has length 0 (ignore if produced by DAGMan; see gittrac #4987, #5031)
02/14/23 16:46:16 DAG status: 0 (DAG_STATUS_OK)
02/14/23 16:46:16 Of 5 nodes total:
02/14/23 16:46:16  Done     Pre   Queued    Post   Ready   Un-Ready   Failed   Futile
02/14/23 16:46:16   ===     ===      ===     ===     ===        ===      ===      ===
02/14/23 16:46:16     1       0        0       1       0          3        0        0
02/14/23 16:46:16 0 job proc(s) currently held
02/14/23 16:46:16 DAGMan Runtime Statistics: [ EventCycleTimeAvg = 0.0007035275028176504; EventCycleTimeCount = 73.0; EventCycleTimeMax = 0.01191186904907227; EventCycleTimeMin = 8.821487426757812E-06; EventCycleTimeStd = 0.002316312975119573; EventCycleTimeSum = 0.05135750770568848; LogProcessCycleTimeAvg = 0.00171506404876709; LogProcessCycleTimeCount = 10.0; LogProcessCycleTimeMax = 0.004864931106567383; LogProcessCycleTimeMin = 0.0001850128173828125; LogProcessCycleTimeStd = 0.002156937924959783; LogProcessCycleTimeSum = 0.0171506404876709; SleepCycleTimeAvg = 5.001646636283561; SleepCycleTimeCount = 73.0; SleepCycleTimeMax = 5.362303972244263; SleepCycleTimeMin = 4.405500888824463; SleepCycleTimeStd = 0.08218139825193309; SleepCycleTimeSum = 365.1202044487; SubmitCycleTimeAvg = 0.0004294595202884158; SubmitCycleTimeCount = 74.0; SubmitCycleTimeMax = 0.0116889476776123; SubmitCycleTimeMin = 3.814697265625E-06; SubmitCycleTimeStd = 0.00207667609083565; SubmitCycleTimeSum = 0.03178000450134277; ]
02/14/23 16:46:16 Initializing user log writer for /home/mzalam/pro/process-workflow/submit/mzalam/pegasus/process/run0001/./process-0.dag.nodes.log, (12311.0.0)
02/14/23 16:46:21 Currently monitoring 1 HTCondor log file(s)
02/14/23 16:46:21 Event: ULOG_POST_SCRIPT_TERMINATED for HTCondor Node ls_ID0000001 (12311.0.0) {02/14/23 16:46:16}
02/14/23 16:46:21 POST Script of node ls_ID0000001 failed with status 1
02/14/23 16:46:21 POST for Node ls_ID0000001 returned 1
02/14/23 16:46:21 DAG status: 2 (DAG_STATUS_NODE_FAILED)
02/14/23 16:46:21 Of 5 nodes total:
02/14/23 16:46:21  Done     Pre   Queued    Post   Ready   Un-Ready   Failed   Futile
02/14/23 16:46:21   ===     ===      ===     ===     ===        ===      ===      ===
02/14/23 16:46:21     1       0        0       0       0          0        1        3
02/14/23 16:46:21 0 job proc(s) currently held
02/14/23 16:46:21 DAGMan Runtime Statistics: [ EventCycleTimeAvg = 0.0007635612745542783; EventCycleTimeCount = 74.0; EventCycleTimeMax = 0.01191186904907227; EventCycleTimeMin = 8.821487426757812E-06; EventCycleTimeStd = 0.002357648921366255; EventCycleTimeSum = 0.0565035343170166; LogProcessCycleTimeAvg = 0.001601327549327503; LogProcessCycleTimeCount = 11.0; LogProcessCycleTimeMax = 0.004864931106567383; LogProcessCycleTimeMin = 0.0001850128173828125; LogProcessCycleTimeStd = 0.002080730399467772; LogProcessCycleTimeSum = 0.01761460304260254; SleepCycleTimeAvg = 5.006679074184315; SleepCycleTimeCount = 74.0; SleepCycleTimeMax = 5.374047040939331; SleepCycleTimeMin = 4.405500888824463; SleepCycleTimeStd = 0.09238693936183674; SleepCycleTimeSum = 370.4942514896393; SubmitCycleTimeAvg = 0.0004238128662109375; SubmitCycleTimeCount = 75.0; SubmitCycleTimeMax = 0.0116889476776123; SubmitCycleTimeMin = 3.814697265625E-06; SubmitCycleTimeStd = 0.002063176381783151; SubmitCycleTimeSum = 0.03178596496582031; ]
02/14/23 16:46:21 ERROR: the following job(s) failed:
02/14/23 16:46:21 ---------------------- Job ----------------------
02/14/23 16:46:21       Node Name: ls_ID0000001
02/14/23 16:46:21            Noop: false
02/14/23 16:46:21          NodeID: 1
02/14/23 16:46:21     Node Status: STATUS_ERROR    
02/14/23 16:46:21 Node return val: 1
02/14/23 16:46:21           Error: Job exited with status 2 and POST Script failed with status 1 (after 1 node retries)
02/14/23 16:46:21 Job Submit File: 00/00/ls_ID0000001.sub
02/14/23 16:46:21     POST Script: /home/mzalam/pegasus_master/pegasus/dist/pegasus-5.1.0dev/bin/pegasus-exitcode  -r $RETURN -s PegasusLite:+exitcode+0 -l process-0.exitcode.log -M process-0.cache.meta   .//00/00/ls_ID0000001.out
02/14/23 16:46:21           Retry: 1
02/14/23 16:46:21  HTCondor Job ID: (12311.0.0)
02/14/23 16:46:21 PARENTS: create_dir_process_0_local WAITING: 0 CHILDREN: stage_out_local_local_0_0
02/14/23 16:46:21 ---------------------------------------	<END>
02/14/23 16:46:21 Aborting DAG...
02/14/23 16:46:21 Writing Rescue DAG to process-0.dag.rescue001...
02/14/23 16:46:21 Removing submitted jobs...
02/14/23 16:46:21 Removing any/all submitted HTCondor jobs...
02/14/23 16:46:21 Running: /usr/bin/condor_rm -const DAGManJobId==12308
02/14/23 16:46:21 Note: 0 total job deferrals because of -MaxJobs limit (0)
02/14/23 16:46:21 Note: 0 total job deferrals because of -MaxIdle limit (1000)
02/14/23 16:46:21 Note: 0 total job deferrals because of node category throttles
02/14/23 16:46:21 Note: 0 total PRE script deferrals because of -MaxPre limit (20) or DEFER
02/14/23 16:46:21 Note: 0 total POST script deferrals because of -MaxPost limit (20) or DEFER
02/14/23 16:46:21 Note: 0 total HOLD script deferrals because of -MaxHold limit (20) or DEFER
02/14/23 16:46:21 DAG status: 2 (DAG_STATUS_NODE_FAILED)
02/14/23 16:46:21 Of 5 nodes total:
02/14/23 16:46:21  Done     Pre   Queued    Post   Ready   Un-Ready   Failed   Futile
02/14/23 16:46:21   ===     ===      ===     ===     ===        ===      ===      ===
02/14/23 16:46:21     1       0        0       0       0          0        1        3
02/14/23 16:46:21 0 job proc(s) currently held
02/14/23 16:46:21 DAGMan Runtime Statistics: [ EventCycleTimeAvg = 0.0007635612745542783; EventCycleTimeCount = 74.0; EventCycleTimeMax = 0.01191186904907227; EventCycleTimeMin = 8.821487426757812E-06; EventCycleTimeStd = 0.002357648921366255; EventCycleTimeSum = 0.0565035343170166; LogProcessCycleTimeAvg = 0.001601327549327503; LogProcessCycleTimeCount = 11.0; LogProcessCycleTimeMax = 0.004864931106567383; LogProcessCycleTimeMin = 0.0001850128173828125; LogProcessCycleTimeStd = 0.002080730399467772; LogProcessCycleTimeSum = 0.01761460304260254; SleepCycleTimeAvg = 5.006679074184315; SleepCycleTimeCount = 74.0; SleepCycleTimeMax = 5.374047040939331; SleepCycleTimeMin = 4.405500888824463; SleepCycleTimeStd = 0.09238693936183674; SleepCycleTimeSum = 370.4942514896393; SubmitCycleTimeAvg = 0.0004238128662109375; SubmitCycleTimeCount = 75.0; SubmitCycleTimeMax = 0.0116889476776123; SubmitCycleTimeMin = 3.814697265625E-06; SubmitCycleTimeStd = 0.002063176381783151; SubmitCycleTimeSum = 0.03178596496582031; ]
02/14/23 16:46:21 Wrote metrics file process-0.dag.metrics.
02/14/23 16:46:21 DAGMan Runtime Statistics: [ EventCycleTimeAvg = 0.0007635612745542783; EventCycleTimeCount = 74.0; EventCycleTimeMax = 0.01191186904907227; EventCycleTimeMin = 8.821487426757812E-06; EventCycleTimeStd = 0.002357648921366255; EventCycleTimeSum = 0.0565035343170166; LogProcessCycleTimeAvg = 0.001601327549327503; LogProcessCycleTimeCount = 11.0; LogProcessCycleTimeMax = 0.004864931106567383; LogProcessCycleTimeMin = 0.0001850128173828125; LogProcessCycleTimeStd = 0.002080730399467772; LogProcessCycleTimeSum = 0.01761460304260254; SleepCycleTimeAvg = 5.006679074184315; SleepCycleTimeCount = 74.0; SleepCycleTimeMax = 5.374047040939331; SleepCycleTimeMin = 4.405500888824463; SleepCycleTimeStd = 0.09238693936183674; SleepCycleTimeSum = 370.4942514896393; SubmitCycleTimeAvg = 0.0004238128662109375; SubmitCycleTimeCount = 75.0; SubmitCycleTimeMax = 0.0116889476776123; SubmitCycleTimeMin = 3.814697265625E-06; SubmitCycleTimeStd = 0.002063176381783151; SubmitCycleTimeSum = 0.03178596496582031; ]
02/14/23 16:46:21 **** condor_scheduniv_exec.12308.0 (condor_DAGMAN) pid 4162551 EXITING WITH STATUS 1
